### environment install (repository-normal deps, per .github/workflows/test.yml)
debconf: delaying package configuration, since apt-utils is not installed
pip 24.0 from /usr/lib/python3/dist-packages/pip (python 3.12)
### toolchain/environment identification
uname: Linux 6.18.33.2-microsoft-standard-WSL2 x86_64
distro: Ubuntu 24.04.4 LTS
python3: Python 3.12.3
make: GNU Make 4.3
gcc: gcc (Ubuntu 13.3.0-6ubuntu2~24.04.1) 13.3.0
git: git version 2.43.0
bash: GNU bash, version 5.2.21(1)-release (x86_64-pc-linux-gnu)
### clone + freeze to the handoff SHA
HEAD=4684def3091225e12bbf3b28025c77ed60136b49 porcelain=EMPTY (pre-toolchain)
4684def3 test: cover Basic string and GPIO token validation
V7 base 0f54303a IS an ancestor of HEAD
### install Telink SDK + TC32 toolchain via repo tooling only
Resolving raw.githubusercontent.com (raw.githubusercontent.com)... 185.199.108.133, 185.199.110.133, 185.199.109.133, ...
Connecting to raw.githubusercontent.com (raw.githubusercontent.com)|185.199.108.133|:443... connected.
HTTP request sent, awaiting response... 200 OK
Length: 62055 (61K) [text/plain]
Saving to: '../../telink_tools/tlsrpgm/TlsrPgm.py'

     0K .......... .......... .......... .......... .......... 82% 5.27M 0s
    50K ..........                                            100% 57.6M=0.009s

2026-09-05 14:45:53 (6.27 MB/s) - '../../telink_tools/tlsrpgm/TlsrPgm.py' saved [62055/62055]

TlsrPgm programmer tool installed to ../../telink_tools/tlsrpgm/TlsrPgm.py
TlsrPgm programmer tool installed successfully
Verifying installed tools...
✓ Telink Zigbee SDK: ../../telink_tools/sdk
  Target version: 3.7.2.0
  Installed version: v3.7.2.0
✓ TC32 GCC Toolchain: ../../telink_tools/toolchain
  GCC path: ../../telink_tools/toolchain/tc32/bin/tc32-elf-gcc
  Version: tc32-elf-gcc (Telink TC32 version 2.0 build) 4.5.1.tc32-elf-1.5
✓ TlsrPgm Tool: ../../telink_tools/tlsrpgm/TlsrPgm.py
  Status: 
All Telink tools have been downloaded and installed to ../../telink_tools
make[1]: Leaving directory '/work/fw/src/telink'
make: Leaving directory '/work/fw/src/telink'
make: Entering directory '/work/fw/src/telink'
make -f tools.mk status
make[1]: Entering directory '/work/fw/src/telink'
Telink Tools Status:
Tools directory: ../../telink_tools
Download directory: ../../telink_tools/downloads

make[2]: Entering directory '/work/fw/src/telink'
Verifying installed tools...
✓ Telink Zigbee SDK: ../../telink_tools/sdk
  Target version: 3.7.2.0
  Installed version: v3.7.2.0
✓ TC32 GCC Toolchain: ../../telink_tools/toolchain
  GCC path: ../../telink_tools/toolchain/tc32/bin/tc32-elf-gcc
  Version: tc32-elf-gcc (Telink TC32 version 2.0 build) 4.5.1.tc32-elf-1.5
✓ TlsrPgm Tool: ../../telink_tools/tlsrpgm/TlsrPgm.py
  Status: 
make[2]: Leaving directory '/work/fw/src/telink'
make[1]: Leaving directory '/work/fw/src/telink'
make: Leaving directory '/work/fw/src/telink'
### run the repository's one-command V8 validator
VALIDATOR_EXIT=1
----- validator stdout -----
{
  "status": "FAIL",
  "failed": {
    "command": [
      "bash",
      "make_scripts/build_bseed_ts0726_v8.sh"
    ],
    "exitCode": 1,
    "stdout": "make: Entering directory '/work/fw/src/telink'\nCleaning SDK build artifacts...\nCleaning Telink build artifacts...\nmake: Leaving directory '/work/fw/src/telink'\nmake: Entering directory '/work/fw/src/telink'\nCompiling main.c\nCompiling ota_reformating/ensure_ota_scheme.c\nCompiling ota_reformating/ram_code_flash.c\nCompiling hal/system.c\nCompiling hal/timer.c\nCompiling hal/tasks.c\nCompiling hal/gpio.c\nCompiling hal/gpio_interrupts.c\nCompiling hal/nvm.c\nCompiling hal/zigbee.c\nCompiling hal/zigbee_network.c\nCompiling hal/zigbee_zcl.c\nCompiling hal/zigbee_ota.c\nCompiling hal/adc.c\nCompiling libc_polyfills/atoi.c\nCompiling custom_zcl/zcl_multistate_input.c\nCompiling custom_zcl/zcl_onoff_configuration.c\nCompiling custom_zcl/zcl_cover_switch_config.c\nCompiling patch_sdk/drv_nv.c\nCompiling ../../src/app.c\nCompiling ../../src/zigbee/poll_control_cluster.c\nCompiling ../../src/base_components/button.c\nCompiling ../../src/base_components/led.c\nCompiling ../../src/base_components/network_indicator.c\nCompiling ../../src/base_components/relay.c\nCompiling ../../src/base_components/battery.c\nCompiling ../../src/device_config/config_nv.c\nCompiling ../../src/device_config/device_params_nv.c\nCompiling ../../src/device_config/reset.c\nCompiling ../../src/device_config/config_parser.c\nCompiling ../../src/device_config/nvm_migrations.c\nCompiling ../../src/device_config/device_migration.c\nCompiling ../../src/zigbee/basic_cluster.c\nCompiling ../../src/zigbee/general_commands.c\nCompiling ../../src/zigbee/group_cluster.c\nCompiling ../../src/zigbee/relay_cluster.c\nCompiling ../../src/zigbee/switch_cluster.c\nCompiling ../../src/zigbee/cover_switch_cluster.c\nCompiling ../../src/zigbee/cover_cluster.c\nCompiling ../../src/zigbee/battery_cluster.c\nAssembling SDK ../../telink_tools/sdk/platform/boot/8258/cstartup_8258.S\nAssembling SDK ../../telink_tools/sdk/platform/boot/link_cfg.S\nCompiling SDK ../../telink_tools/sdk/platform/services/b85m/irq_handler.c\nAssembling SDK ../../telink_tools/sdk/platform/tc32/div_mod.S\nCompiling SDK ../../telink_tools/sdk/platform/chip_8258/flash.c\nCompiling SDK ../../telink_tools/sdk/platform/chip_8258/flash/flash_common.c\nCompiling SDK ../../telink_tools/sdk/platform/chip_8258/flash/flash_mid1060c8.c\nCompiling SDK ../../telink_tools/sdk/platform/chip_8258/flash/flash_mid1360c8.c\nCompiling SDK ../../telink_tools/sdk/platform/chip_8258/flash/flash_mid011460c8.c\nCompiling SDK ../../telink_tools/sdk/platform/chip_8258/flash/flash_mid134051.c\nCompiling SDK ../../telink_tools/sdk/platform/chip_8258/flash/flash_mid136085.c\nCompiling SDK ../../telink_tools/sdk/platform/chip_8258/flash/flash_mid1360eb.c\nCompiling SDK ../../telink_tools/sdk/platform/chip_8258/flash/flash_mid14325e.c\nCompiling SDK ../../telink_tools/sdk/platform/chip_8258/flash/flash_mid1460c8.c\nCompiling SDK ../../telink_tools/sdk/platform/chip_8258/flash/flash_mid13325e.c\nCompiling SDK ../../telink_tools/sdk/platform/chip_8258/adc.c\nCompiling SDK ../../telink_tools/sdk/proj/common/list.c\nCompiling SDK ../../telink_tools/sdk/proj/common/mempool.c\nCompiling SDK ../../telink_tools/sdk/proj/common/tlPrintf.c\nCompiling SDK ../../telink_tools/sdk/proj/common/string.c\nCompiling SDK ../../telink_tools/sdk/proj/common/utility.c\nCompiling SDK ../../telink_tools/sdk/proj/drivers/drv_gpio.c\nCompiling SDK ../../telink_tools/sdk/proj/drivers/drv_adc.c\nCompiling SDK ../../telink_tools/sdk/proj/drivers/drv_nv.c\nCompiling SDK ../../telink_tools/sdk/proj/drivers/drv_pm.c\nCompiling SDK ../../telink_tools/sdk/proj/drivers/drv_putchar.c\nCompiling SDK ../../telink_tools/sdk/proj/drivers/drv_timer.c\nCompiling SDK ../../telink_tools/sdk/proj/drivers/drv_uart.c\nCompiling SDK ../../telink_tools/sdk/proj/drivers/drv_calibration.c\nCompiling SDK ../../telink_tools/sdk/proj/drivers/drv_flash.c\nCompiling SDK ../../telink_tools/sdk/proj/drivers/drv_hw.c\nCompiling SDK ../../telink_tools/sdk/proj/drivers/drv_security.c\nCompiling SDK ../../telink_tools/sdk/proj/os/ev.c\nCompiling SDK ../../telink_tools/sdk/proj/os/ev_buffer.c\nCompiling SDK ../../telink_tools/sdk/proj/os/ev_poll.c\nCompiling SDK ../../telink_tools/sdk/proj/os/ev_queue.c\nCompiling SDK ../../telink_tools/sdk/proj/os/ev_timer.c\nCompiling SDK ../../telink_tools/sdk/proj/os/ev_rtc.c\nCompiling SDK ../../telink_tools/sdk/zigbee/bdb/bdb.c\nCompiling SDK ../../telink_tools/sdk/zigbee/aps/aps_group.c\nCompiling SDK ../../telink_tools/sdk/zigbee/mac/mac_phy.c\nCompiling SDK ../../telink_tools/sdk/zigbee/mac/mac_pib.c\nCompiling SDK ../../telink_tools/sdk/zigbee/zdo/zdp.c\nCompiling SDK ../../telink_tools/sdk/zigbee/zcl/zcl.c\nCompiling SDK ../../telink_tools/sdk/zigbee/zcl/zcl_nv.c\nCompiling SDK ../../telink_tools/sdk/zigbee/zcl/zcl_reporting.c\nCompiling SDK ../../telink_tools/sdk/zigbee/zcl/hvac/zcl_thermostat.c\nCompiling SDK ../../telink_tools/sdk/zigbee/zcl/smart_energy/zcl_metering.c\nCompiling SDK ../../telink_tools/sdk/zigbee/zcl/smart_energy/zcl_metering_attr.c\nCompiling SDK ../../telink_tools/sdk/zigbee/zcl/zll_commissioning/zcl_toucklink_security.c\nCompiling SDK ../../telink_tools/sdk/zigbee/zcl/zll_commissioning/zcl_zllTouchLinkDiscovery.c\nCompiling SDK ../../telink_tools/sdk/zigbee/zcl/zll_commissioning/zcl_zllTouchLinkJoinOrStart.c\nCompiling SDK ../../telink_tools/sdk/zigbee/zcl/zll_commissioning/zcl_zll_commissioning.c\nCompiling SDK ../../telink_tools/sdk/zigbee/zcl/commissioning/zcl_commissioning.c\nCompiling SDK ../../telink_tools/sdk/zigbee/zcl/commissioning/zcl_commissioning_attr.c\nCompiling SDK ../../telink_tools/sdk/zigbee/zcl/measument_sensing/zcl_electrical_measurement.c\nCompiling SDK ../../telink_tools/sdk/zigbee/zcl/measument_sensing/zcl_electrical_measurement_attr.c\nCompiling SDK ../../telink_tools/sdk/zigbee/zcl/measument_sensing/zcl_illuminance_measurement.c\nCompiling SDK ../../telink_tools/sdk/zigbee/zcl/measument_sensing/zcl_illuminance_measurement_attr.c\nCompiling SDK ../../telink_tools/sdk/zigbee/zcl/measument_sensing/zcl_occupancy_sensing.c\nCompiling SDK ../../telink_tools/sdk/zigbee/zcl/measument_sensing/zcl_occupancy_sensing_attr.c\nCompiling SDK ../../telink_tools/sdk/zigbee/zcl/measument_sensing/zcl_temperature_measurement.c\nCompiling SDK ../../telink_tools/sdk/zigbee/zcl/measument_sensing/zcl_temperature_measurement_attr.c\nCompiling SDK ../../telink_tools/sdk/zigbee/zcl/light_color_control/zcl_light_colorCtrl.c\nCompiling SDK ../../telink_tools/sdk/zigbee/zcl/light_color_control/zcl_light_colorCtrl_attr.c\nCompiling SDK ../../telink_tools/sdk/zigbee/zcl/closures/zcl_door_lock.c\nCompiling SDK ../../telink_tools/sdk/zigbee/zcl/closures/zcl_door_lock_attr.c\nCompiling SDK ../../telink_tools/sdk/zigbee/zcl/closures/zcl_window_covering.c\nCompiling SDK ../../telink_tools/sdk/zigbee/zcl/closures/zcl_window_covering_attr.c\nCompiling SDK ../../telink_tools/sdk/zigbee/zcl/general/zcl_alarm.c\nCompiling SDK ../../telink_tools/sdk/zigbee/zcl/general/zcl_alarm_attr.c\nCompiling SDK ../../telink_tools/sdk/zigbee/zcl/general/zcl_basic.c\nCompiling SDK ../../telink_tools/sdk/zigbee/zcl/general/zcl_basic_attr.c\nCompiling SDK ../../telink_tools/sdk/zigbee/zcl/general/zcl_binary_input.c\nCompiling SDK ../../telink_tools/sdk/zigbee/zcl/general/zcl_binary_input_attr.c\nCompiling SDK ../../telink_tools/sdk/zigbee/zcl/general/zcl_binary_output.c\nCompiling SDK ../../telink_tools/sdk/zigbee/zcl/general/zcl_binary_output_attr.c\nCompiling SDK ../../telink_tools/sdk/zigbee/zcl/general/zcl_devTemperatureCfg.c\nCompiling SDK ../../telink_tools/sdk/zigbee/zcl/general/zcl_devTemperatureCfg_attr.c\nCompiling SDK ../../telink_tools/sdk/zigbee/zcl/general/zcl_diagnostics.c\nCompiling SDK ../../telink_tools/sdk/zigbee/zcl/general/zcl_diagnostics_attr.c\nCompiling SDK ../../telink_tools/sdk/zigbee/zcl/general/zcl_greenPower.c\nCompiling SDK ../../telink_tools/sdk/zigbee/zcl/general/zcl_greenPower_attr.c\nCompiling SDK ../../telink_tools/sdk/zigbee/zcl/general/zcl_group.c\nCompiling SDK ../../telink_tools/sdk/zigbee/zcl/general/zcl_group_attr.c\nCompiling SDK ../../telink_tools/sdk/zigbee/zcl/general/zcl_identify.c\nCompiling SDK ../../telink_tools/sdk/zigbee/zcl/general/zcl_identify_attr.c\nCompiling SDK ../../telink_tools/sdk/zigbee/zcl/general/zcl_level.c\nCompiling SDK ../../telink_tools/sdk/zigbee/zcl/general/zcl_level_attr.c\nCompiling SDK ../../telink_tools/sdk/zigbee/zcl/general/zcl_multistate_input.c\nCompiling SDK ../../telink_tools/sdk/zigbee/zcl/general/zcl_multistate_input_attr.c\nCompiling SDK ../../telink_tools/sdk/zigbee/zcl/general/zcl_multistate_output.c\nCompiling SDK ../../telink_tools/sdk/zigbee/zcl/general/zcl_multistate_output_attr.c\nCompiling SDK ../../telink_tools/sdk/zigbee/zcl/general/zcl_onoff.c\nCompiling SDK ../../telink_tools/sdk/zigbee/zcl/general/zcl_onoff_attr.c\nCompiling SDK ../../telink_tools/sdk/zigbee/zcl/general/zcl_pollCtrl.c\nCompiling SDK ../../telink_tools/sdk/zigbee/zcl/general/zcl_pollCtrl_attr.c\nCompiling SDK ../../telink_tools/sdk/zigbee/zcl/general/zcl_powerCfg.c\nCompiling SDK ../../telink_tools/sdk/zigbee/zcl/general/zcl_powerCfg_attr.c\nCompiling SDK ../../telink_tools/sdk/zigbee/zcl/general/zcl_scene.c\nCompiling SDK ../../telink_tools/sdk/zigbee/zcl/general/zcl_scene_attr.c\nCompiling SDK ../../telink_tools/sdk/zigbee/zcl/general/zcl_time.c\nCompiling SDK ../../telink_tools/sdk/zigbee/zcl/general/zcl_time_attr.c\nCompiling SDK ../../telink_tools/sdk/zigbee/zcl/security_safety/zcl_ias_ace.c\nCompiling SDK ../../telink_tools/sdk/zigbee/zcl/security_safety/zcl_ias_wd.c\nCompiling SDK ../../telink_tools/sdk/zigbee/zcl/security_safety/zcl_ias_wd_attr.c\nCompiling SDK ../../telink_tools/sdk/zigbee/zcl/security_safety/zcl_ias_zone.c\nCompiling SDK ../../telink_tools/sdk/zigbee/zcl/security_safety/zcl_ias_zone_attr.c\nCompiling SDK ../../telink_tools/sdk/zigbee/zcl/zcl_wwah/zcl_wwah.c\nCompiling SDK ../../telink_tools/sdk/zigbee/zcl/zcl_wwah/zcl_wwah_attr.c\nCompiling SDK ../../telink_tools/sdk/zigbee/zcl/ota_upgrading/zcl_ota.c\nCompiling SDK ../../telink_tools/sdk/zigbee/zcl/ota_upgrading/zcl_ota_attr.c\nCompiling SDK ../../telink_tools/sdk/zigbee/common/zb_config.c\nCompiling SDK ../../telink_tools/sdk/zigbee/af/zb_af.c\nCompiling SDK ../../telink_tools/sdk/zigbee/wwah/wwah.c\nCompiling SDK ../../telink_tools/sdk/zigbee/wwah/wwahEpCfg.c\nCompiling SDK ../../telink_tools/sdk/zigbee/gp/gp.c\nCompiling SDK ../../telink_tools/sdk/zigbee/gp/gpEpCfg.c\nCompiling SDK ../../telink_tools/sdk/zigbee/gp/gp_proxy.c\nCompiling SDK ../../telink_tools/sdk/zigbee/gp/gp_proxyTab.c\nCompiling SDK ../../telink_tools/sdk/zigbee/ss/ss_nv.c\nCompiling SDK ../../telink_tools/sdk/zigbee/ota/ota.c\nCompiling SDK ../../telink_tools/sdk/zigbee/ota/otaEpCfg.c\nSDK compilation complete: 124 object files\nLinking ../../build/telink/tlc_switch.elf\nCreating binary /work/fw/build/bseed-ts0726-v8/forward.bin\n   text\t   data\t    bss\t    dec\t    hex\tfilename\n 187096\t    685\t  29966\t 217747\t  35293\t../../build/telink/tlc_switch.elf\nInvoking: TC32 Create Extended Listing\nBuild complete: /work/fw/build/bseed-ts0726-v8/forward.bin\nmake: Leaving directory '/work/fw/src/telink'\nmake: Entering directory '/work/fw/src/telink'\nSDK compilation complete: 124 object files\nLinking ../../build/telink/tlc_switch.elf\nCreating binary /work/fw/build/bseed-ts0726-v8/forward.bin\n   text\t   data\t    bss\t    dec\t    hex\tfilename\n 187096\t    685\t  29966\t 217747\t  35293\t../../build/telink/tlc_switch.elf\nCreating OTA file /work/fw/build/bseed-ts0726-v8/forward.ota\n \n\nmake: Leaving directory '/work/fw/src/telink'\n",
    "stderr": "hal/system.c: In function 'hal_system_reset':\nhal/system.c:12:1: warning: 'noreturn' function does return\nTraceback (most recent call last):\n  File \"/work/fw/src/telink/../../src/telink/make_ota.py\", line 6, in <module>\n    import click\nModuleNotFoundError: No module named 'click'\nmissing/empty artifact: /work/fw/build/bseed-ts0726-v8/forward.ota\n"
  }
}
----- validator stderr -----
STOP CONDITION: validator returned non-zero
no manifest produced
WRAP_EXIT=1
