[WIN|TARGET] [2026-09-06 13:46:47] info: 	z2m:mqtt: MQTT publish: topic 'zigbee2mqtt/LivingRoomSocketWifiLeft', payload '{"apparent_power":24,"current":0.1,"device":{"applicationVersion":3,"dateCode":"20260822","friendlyName":"LivingRoomSocketWifiLeft",
[WIN|TARGET] [2026-09-06 13:46:47] info: 	z2m:mqtt: MQTT publish: topic 'zigbee2mqtt/LivingRoomSocketWifiLeft', payload '{"apparent_power":24,"current":0.1,"device":{"applicationVersion":3,"dateCode":"20260822","friendlyName":"LivingRoomSocketWifiLeft",
[WIN|TARGET] [2026-09-06 13:46:47] error: 	z2m: No converter available for 'update' on 'LivingRoomSocketWifiLeft': ("")
[WIN|TARGET] [2026-09-06 13:47:03] info: 	z2m:mqtt: MQTT publish: topic 'zigbee2mqtt/LivingRoomSocketWifiLeft', payload '{"apparent_power":24,"current":0.1,"device":{"applicationVersion":3,"dateCode":"20260822","friendlyName":"LivingRoomSocketWifiLeft",
[WIN|TARGET] [2026-09-06 13:47:03] info: 	z2m:mqtt: MQTT publish: topic 'zigbee2mqtt/LivingRoomSocketWifiLeft', payload '{"apparent_power":24,"current":0.1,"device":{"applicationVersion":3,"dateCode":"20260822","friendlyName":"LivingRoomSocketWifiLeft",
[WIN|TARGET] [2026-09-06 13:47:03] error: 	z2m: No converter available for 'update' on 'LivingRoomSocketWifiLeft': ("")
[WIN|TARGET] [2026-09-06 13:47:13] info: 	zh:controller:device: Scheduled OTA update for '0xa4c138ba60b92c5f' on next request from device
[WIN|TARGET] [2026-09-06 13:47:13] info: 	z2m:mqtt: MQTT publish: topic 'zigbee2mqtt/LivingRoomSocketWifiLeft', payload '{"apparent_power":24,"current":0.1,"device":{"applicationVersion":3,"dateCode":"20260822","friendlyName":"LivingRoomSocketWifiLeft",
[WIN|TARGET] [2026-09-06 13:47:13] info: 	z2m:mqtt: MQTT publish: topic 'zigbee2mqtt/bridge/response/device/ota_update/schedule', payload '{"data":{"id":"LivingRoomSocketWifiLeft","url":"/config/zigbee2mqtt/ota/bseed-ts011f-pm-v8-ded91a1.ota"},"status":
[WIN|TARGET] [2026-09-06 13:47:14] info: 	z2m:mqtt: MQTT publish: topic 'zigbee2mqtt/LivingRoomSocketWifiLeft', payload '{"apparent_power":24,"current":0.1,"device":{"applicationVersion":3,"dateCode":"20260822","friendlyName":"LivingRoomSocketWifiLeft",
[WIN|TARGET] [2026-09-06 13:47:14] info: 	z2m:mqtt: MQTT publish: topic 'zigbee2mqtt/LivingRoomSocketWifiLeft', payload '{"apparent_power":24,"current":0.1,"device":{"applicationVersion":3,"dateCode":"20260822","friendlyName":"LivingRoomSocketWifiLeft",
[WIN|TARGET] [2026-09-06 13:47:14] error: 	z2m: No converter available for 'update' on 'LivingRoomSocketWifiLeft': ("")
[WIN|TARGET] [2026-09-06 13:47:20] info: 	z2m:mqtt: MQTT publish: topic 'zigbee2mqtt/bridge/health', payload '{"response_time":1788695240336,"os":{"load_average":[0.11,0.07,0.07],"memory_used_mb":2416.96,"memory_percent":60.5285},"process":{"uptime_sec"
[WIN|OTA] [2026-09-06 13:48:34] info: 	z2m:mqtt: MQTT publish: topic 'zigbee2mqtt/LivingRoomMainDimmer', payload '{"a_ep1_ff05_switch_left":{"65285":3},"a_ep1_ff06_switch_left":{"65286":3},"a_ep1_std0010_switch_left":{"switchActions":2},"a_ep1_swbuil
[WIN|OTA] [2026-09-06 13:53:34] info: 	z2m:mqtt: MQTT publish: topic 'zigbee2mqtt/LivingRoomMainDimmer', payload '{"a_ep1_ff05_switch_left":{"65285":3},"a_ep1_ff06_switch_left":{"65286":3},"a_ep1_std0010_switch_left":{"switchActions":2},"a_ep1_swbuil
[WIN|OTA] [2026-09-06 13:54:44] info: 	z2m:mqtt: MQTT publish: topic 'zigbee2mqtt/LivingRoomMainDimmer', payload '{"a_ep1_ff05_switch_left":{"65285":3},"a_ep1_ff06_switch_left":{"65286":3},"a_ep1_std0010_switch_left":{"switchActions":2},"a_ep1_swbuil
[WIN|OTA] [2026-09-06 13:58:34] info: 	z2m:mqtt: MQTT publish: topic 'zigbee2mqtt/LivingRoomMainDimmer', payload '{"a_ep1_ff05_switch_left":{"65285":3},"a_ep1_ff06_switch_left":{"65286":3},"a_ep1_std0010_switch_left":{"switchActions":2},"a_ep1_swbuil
[WIN|OTA] [2026-09-06 13:59:44] info: 	z2m:mqtt: MQTT publish: topic 'zigbee2mqtt/LivingRoomMainDimmer', payload '{"a_ep1_ff05_switch_left":{"65285":3},"a_ep1_ff06_switch_left":{"65286":3},"a_ep1_std0010_switch_left":{"switchActions":2},"a_ep1_swbuil
[GAP|OTA] [2026-09-06 14:03:34] info: 	z2m:mqtt: MQTT publish: topic 'zigbee2mqtt/LivingRoomMainDimmer', payload '{"a_ep1_ff05_switch_left":{"65285":3},"a_ep1_ff06_switch_left":{"65286":3},"a_ep1_std0010_switch_left":{"switchActions":2},"a_ep1_swbuil
[GAP|OTA] [2026-09-06 14:04:44] info: 	z2m:mqtt: MQTT publish: topic 'zigbee2mqtt/LivingRoomMainDimmer', payload '{"a_ep1_ff05_switch_left":{"65285":3},"a_ep1_ff06_switch_left":{"65286":3},"a_ep1_std0010_switch_left":{"switchActions":2},"a_ep1_swbuil
[GAP|OTA] [2026-09-06 14:08:34] info: 	z2m:mqtt: MQTT publish: topic 'zigbee2mqtt/LivingRoomMainDimmer', payload '{"a_ep1_ff05_switch_left":{"65285":3},"a_ep1_ff06_switch_left":{"65286":3},"a_ep1_std0010_switch_left":{"switchActions":2},"a_ep1_swbuil
[GAP|OTA] [2026-09-06 14:09:44] info: 	z2m:mqtt: MQTT publish: topic 'zigbee2mqtt/LivingRoomMainDimmer', payload '{"a_ep1_ff05_switch_left":{"65285":3},"a_ep1_ff06_switch_left":{"65286":3},"a_ep1_std0010_switch_left":{"switchActions":2},"a_ep1_swbuil
[GAP|OTA] [2026-09-06 14:13:34] info: 	z2m:mqtt: MQTT publish: topic 'zigbee2mqtt/LivingRoomMainDimmer', payload '{"a_ep1_ff05_switch_left":{"65285":3},"a_ep1_ff06_switch_left":{"65286":3},"a_ep1_std0010_switch_left":{"switchActions":2},"a_ep1_swbuil
[GAP|OTA] [2026-09-06 14:14:44] info: 	z2m:mqtt: MQTT publish: topic 'zigbee2mqtt/LivingRoomMainDimmer', payload '{"a_ep1_ff05_switch_left":{"65285":3},"a_ep1_ff06_switch_left":{"65286":3},"a_ep1_std0010_switch_left":{"switchActions":2},"a_ep1_swbuil
[GAP|OTA] [2026-09-06 14:18:34] info: 	z2m:mqtt: MQTT publish: topic 'zigbee2mqtt/LivingRoomMainDimmer', payload '{"a_ep1_ff05_switch_left":{"65285":3},"a_ep1_ff06_switch_left":{"65286":3},"a_ep1_std0010_switch_left":{"switchActions":2},"a_ep1_swbuil
[GAP|OTA] [2026-09-06 14:19:44] info: 	z2m:mqtt: MQTT publish: topic 'zigbee2mqtt/LivingRoomMainDimmer', payload '{"a_ep1_ff05_switch_left":{"65285":3},"a_ep1_ff06_switch_left":{"65286":3},"a_ep1_std0010_switch_left":{"switchActions":2},"a_ep1_swbuil
[GAP|OTA] [2026-09-06 14:23:34] info: 	z2m:mqtt: MQTT publish: topic 'zigbee2mqtt/LivingRoomMainDimmer', payload '{"a_ep1_ff05_switch_left":{"65285":3},"a_ep1_ff06_switch_left":{"65286":3},"a_ep1_std0010_switch_left":{"switchActions":2},"a_ep1_swbuil
[GAP|OTA] [2026-09-06 14:24:44] info: 	z2m:mqtt: MQTT publish: topic 'zigbee2mqtt/LivingRoomMainDimmer', payload '{"a_ep1_ff05_switch_left":{"65285":3},"a_ep1_ff06_switch_left":{"65286":3},"a_ep1_std0010_switch_left":{"switchActions":2},"a_ep1_swbuil
[GAP|OTA] [2026-09-06 14:28:34] info: 	z2m:mqtt: MQTT publish: topic 'zigbee2mqtt/LivingRoomMainDimmer', payload '{"a_ep1_ff05_switch_left":{"65285":3},"a_ep1_ff06_switch_left":{"65286":3},"a_ep1_std0010_switch_left":{"switchActions":2},"a_ep1_swbuil
[GAP|OTA] [2026-09-06 14:29:44] info: 	z2m:mqtt: MQTT publish: topic 'zigbee2mqtt/LivingRoomMainDimmer', payload '{"a_ep1_ff05_switch_left":{"65285":3},"a_ep1_ff06_switch_left":{"65286":3},"a_ep1_std0010_switch_left":{"switchActions":2},"a_ep1_swbuil
[GAP|TARGET] [2026-09-06 14:32:20] info: 	z2m:mqtt: MQTT publish: topic 'zigbee2mqtt/bridge/health', payload '{"response_time":1788697940338,"os":{"load_average":[0.1,0.04,0.01],"memory_used_mb":2407.61,"memory_percent":60.2944},"process":{"uptime_sec":
[GAP|OTA] [2026-09-06 14:33:34] info: 	z2m:mqtt: MQTT publish: topic 'zigbee2mqtt/LivingRoomMainDimmer', payload '{"a_ep1_ff05_switch_left":{"65285":3},"a_ep1_ff06_switch_left":{"65286":3},"a_ep1_std0010_switch_left":{"switchActions":2},"a_ep1_swbuil
[GAP|OTA] [2026-09-06 14:34:44] info: 	z2m:mqtt: MQTT publish: topic 'zigbee2mqtt/LivingRoomMainDimmer', payload '{"a_ep1_ff05_switch_left":{"65285":3},"a_ep1_ff06_switch_left":{"65286":3},"a_ep1_std0010_switch_left":{"switchActions":2},"a_ep1_swbuil
[GAP|OTA] [2026-09-06 14:38:34] info: 	z2m:mqtt: MQTT publish: topic 'zigbee2mqtt/LivingRoomMainDimmer', payload '{"a_ep1_ff05_switch_left":{"65285":3},"a_ep1_ff06_switch_left":{"65286":3},"a_ep1_std0010_switch_left":{"switchActions":2},"a_ep1_swbuil
[GAP|OTA] [2026-09-06 14:43:13] info: 	z2m:mqtt: MQTT publish: topic 'zigbee2mqtt/HallBedroomSwitchRouter', payload '{"delayed_power_on_state":true,"delayed_power_on_time":2746,"detach_relay_mode":true,"device":{"applicationVersion":16,"dateCode":"20
[GAP|OTA] [2026-09-06 14:43:34] info: 	z2m:mqtt: MQTT publish: topic 'zigbee2mqtt/LivingRoomMainDimmer', payload '{"a_ep1_ff05_switch_left":{"65285":3},"a_ep1_ff06_switch_left":{"65286":3},"a_ep1_std0010_switch_left":{"switchActions":2},"a_ep1_swbuil
[GAP|OTA] [2026-09-06 14:44:44] info: 	z2m:mqtt: MQTT publish: topic 'zigbee2mqtt/LivingRoomMainDimmer', payload '{"a_ep1_ff05_switch_left":{"65285":3},"a_ep1_ff06_switch_left":{"65286":3},"a_ep1_std0010_switch_left":{"switchActions":2},"a_ep1_swbuil
[GAP|OTA] [2026-09-06 14:48:34] info: 	z2m:mqtt: MQTT publish: topic 'zigbee2mqtt/LivingRoomMainDimmer', payload '{"a_ep1_ff05_switch_left":{"65285":3},"a_ep1_ff06_switch_left":{"65286":3},"a_ep1_std0010_switch_left":{"switchActions":2},"a_ep1_swbuil
[GAP|OTA] [2026-09-06 14:49:44] info: 	z2m:mqtt: MQTT publish: topic 'zigbee2mqtt/LivingRoomMainDimmer', payload '{"a_ep1_ff05_switch_left":{"65285":3},"a_ep1_ff06_switch_left":{"65286":3},"a_ep1_std0010_switch_left":{"switchActions":2},"a_ep1_swbuil
[GAP|OTA] [2026-09-06 14:53:34] info: 	z2m:mqtt: MQTT publish: topic 'zigbee2mqtt/LivingRoomMainDimmer', payload '{"a_ep1_ff05_switch_left":{"65285":3},"a_ep1_ff06_switch_left":{"65286":3},"a_ep1_std0010_switch_left":{"switchActions":2},"a_ep1_swbuil
[GAP|OTA] [2026-09-06 14:54:44] info: 	z2m:mqtt: MQTT publish: topic 'zigbee2mqtt/LivingRoomMainDimmer', payload '{"a_ep1_ff05_switch_left":{"65285":3},"a_ep1_ff06_switch_left":{"65286":3},"a_ep1_std0010_switch_left":{"switchActions":2},"a_ep1_swbuil
[GAP|OTA] [2026-09-06 14:58:34] info: 	z2m:mqtt: MQTT publish: topic 'zigbee2mqtt/LivingRoomMainDimmer', payload '{"a_ep1_ff05_switch_left":{"65285":3},"a_ep1_ff06_switch_left":{"65286":3},"a_ep1_std0010_switch_left":{"switchActions":2},"a_ep1_swbuil
[GAP|TARGET] [2026-09-06 15:02:20] info: 	z2m:mqtt: MQTT publish: topic 'zigbee2mqtt/bridge/health', payload '{"response_time":1788699740339,"os":{"load_average":[0.19,0.07,0.02],"memory_used_mb":2411,"memory_percent":60.3792},"process":{"uptime_sec":11
[GAP|OTA] [2026-09-06 15:03:34] info: 	z2m:mqtt: MQTT publish: topic 'zigbee2mqtt/LivingRoomMainDimmer', payload '{"a_ep1_ff05_switch_left":{"65285":3},"a_ep1_ff06_switch_left":{"65286":3},"a_ep1_std0010_switch_left":{"switchActions":2},"a_ep1_swbuil
[GAP|OTA] [2026-09-06 15:04:44] info: 	z2m:mqtt: MQTT publish: topic 'zigbee2mqtt/LivingRoomMainDimmer', payload '{"a_ep1_ff05_switch_left":{"65285":3},"a_ep1_ff06_switch_left":{"65286":3},"a_ep1_std0010_switch_left":{"switchActions":2},"a_ep1_swbuil
[GAP|OTA] [2026-09-06 15:08:34] info: 	z2m:mqtt: MQTT publish: topic 'zigbee2mqtt/LivingRoomMainDimmer', payload '{"a_ep1_ff05_switch_left":{"65285":3},"a_ep1_ff06_switch_left":{"65286":3},"a_ep1_std0010_switch_left":{"switchActions":2},"a_ep1_swbuil
[GAP|TARGET] [2026-09-06 15:09:01] info: 	zh:controller:device: Previously scheduled OTA update for '0xa4c138ba60b92c5f' was cancelled
[GAP|TARGET] [2026-09-06 15:09:01] info: 	z2m:mqtt: MQTT publish: topic 'zigbee2mqtt/LivingRoomSocketWifiLeft', payload '{"apparent_power":24,"current":0.1,"device":{"applicationVersion":3,"dateCode":"20260822","friendlyName":"LivingRoomSocketWifiLeft",
[GAP|TARGET] [2026-09-06 15:09:01] info: 	z2m:mqtt: MQTT publish: topic 'zigbee2mqtt/bridge/response/device/ota_update/unschedule', payload '{"data":{"id":"LivingRoomSocketWifiLeft"},"status":"ok"}'
[GAP|TARGET] [2026-09-06 15:09:01] info: 	z2m:mqtt: MQTT publish: topic 'zigbee2mqtt/LivingRoomSocketWifiLeft', payload '{"apparent_power":24,"current":0.1,"device":{"applicationVersion":3,"dateCode":"20260822","friendlyName":"LivingRoomSocketWifiLeft",
[GAP|TARGET] [2026-09-06 15:09:01] info: 	z2m:mqtt: MQTT publish: topic 'zigbee2mqtt/LivingRoomSocketWifiLeft', payload '{"apparent_power":24,"current":0.1,"device":{"applicationVersion":3,"dateCode":"20260822","friendlyName":"LivingRoomSocketWifiLeft",
[GAP|TARGET] [2026-09-06 15:09:01] error: 	z2m: No converter available for 'update' on 'LivingRoomSocketWifiLeft': ("")
[WIN|OTA] [2026-09-06 15:09:44] info: 	z2m:mqtt: MQTT publish: topic 'zigbee2mqtt/LivingRoomMainDimmer', payload '{"a_ep1_ff05_switch_left":{"65285":3},"a_ep1_ff06_switch_left":{"65286":3},"a_ep1_std0010_switch_left":{"switchActions":2},"a_ep1_swbuil
